<?xml version="1.0"?>
<OWASPZAPReport programName="ZAP" version="2.17.0" generated="Thu, 14 May 2026 14:45:31" created="2026-05-14T14:45:31.099089014Z">
	
		<site name="http://host.docker.internal:8080" host="host.docker.internal" port="8080" ssl="false">
			<alerts>
				
					<alertitem>
						<pluginid>10038</pluginid>
						<alertRef>10038-1</alertRef>
						<alert>Content Security Policy (CSP) Header Not Set</alert>
						<name>Content Security Policy (CSP) Header Not Set</name>
						<riskcode>2</riskcode>
						<confidence>3</confidence>
						<riskdesc>Medium (High)</riskdesc>
						<confidencedesc>High</confidencedesc>
						<desc>&lt;p&gt;Content Security Policy (CSP) is an added layer of security that helps to detect and mitigate certain types of attacks, including Cross Site Scripting (XSS) and data injection attacks. These attacks are used for everything from data theft to site defacement or distribution of malware. CSP provides a set of standard HTTP headers that allow website owners to declare approved sources of content that browsers should be allowed to load on that page &#x2014; covered types are JavaScript, CSS, HTML frames, fonts, images and embeddable objects such as Java applets, ActiveX, audio and video files.&lt;/p&gt;</desc>
						<instances>
							
								<instance>
									<uri>http://host.docker.internal:8080</uri>
									<nodeName>http://host.docker.internal:8080</nodeName>
									<method>GET</method>
									<param></param>
									<attack></attack>
									<evidence></evidence>
									<otherinfo></otherinfo>
								</instance>
							
						</instances>
						<count>1</count>
						<systemic>false</systemic>
						<solution>&lt;p&gt;Ensure that your web server, application server, load balancer, etc. is configured to set the Content-Security-Policy header.&lt;/p&gt;</solution>
						<otherinfo></otherinfo>
						<reference>&lt;p&gt;https://developer.mozilla.org/en-US/docs/Web/HTTP/Guides/CSP&lt;/p&gt;&lt;p&gt;https://cheatsheetseries.owasp.org/cheatsheets/Content_Security_Policy_Cheat_Sheet.html&lt;/p&gt;&lt;p&gt;https://www.w3.org/TR/CSP/&lt;/p&gt;&lt;p&gt;https://w3c.github.io/webappsec-csp/&lt;/p&gt;&lt;p&gt;https://web.dev/articles/csp&lt;/p&gt;&lt;p&gt;https://caniuse.com/#feat=contentsecuritypolicy&lt;/p&gt;&lt;p&gt;https://content-security-policy.com/&lt;/p&gt;</reference>
						<cweid>693</cweid>
						<wascid>15</wascid>
						<sourceid>1</sourceid>
					</alertitem>
				
				
					<alertitem>
						<pluginid>10109</pluginid>
						<alertRef>10109</alertRef>
						<alert>Modern Web Application</alert>
						<name>Modern Web Application</name>
						<riskcode>0</riskcode>
						<confidence>2</confidence>
						<riskdesc>Informational (Medium)</riskdesc>
						<confidencedesc>Medium</confidencedesc>
						<desc>&lt;p&gt;The application appears to be a modern web application. If you need to explore it automatically then the Ajax Spider may well be more effective than the standard one.&lt;/p&gt;</desc>
						<instances>
							
								<instance>
									<uri>http://host.docker.internal:8080</uri>
									<nodeName>http://host.docker.internal:8080</nodeName>
									<method>GET</method>
									<param></param>
									<attack></attack>
									<evidence>&lt;script defer=&quot;defer&quot; src=&quot;./static/js/main.719d3b4d.js&quot;&gt;&lt;/script&gt;</evidence>
									<otherinfo>No links have been found while there are scripts, which is an indication that this is a modern web application.</otherinfo>
								</instance>
							
						</instances>
						<count>1</count>
						<systemic>false</systemic>
						<solution>&lt;p&gt;This is an informational alert and so no changes are required.&lt;/p&gt;</solution>
						<otherinfo>&lt;p&gt;No links have been found while there are scripts, which is an indication that this is a modern web application.&lt;/p&gt;</otherinfo>
						<reference></reference>
						<cweid>-1</cweid>
						<wascid>-1</wascid>
						<sourceid>1</sourceid>
					</alertitem>
				
				
					<alertitem>
						<pluginid>10104</pluginid>
						<alertRef>10104</alertRef>
						<alert>User Agent Fuzzer</alert>
						<name>User Agent Fuzzer</name>
						<riskcode>0</riskcode>
						<confidence>2</confidence>
						<riskdesc>Informational (Medium)</riskdesc>
						<confidencedesc>Medium</confidencedesc>
						<desc>&lt;p&gt;Check for differences in response based on fuzzed User Agent (eg. mobile sites, access as a Search Engine Crawler). Compares the response statuscode and the hashcode of the response body with the original response.&lt;/p&gt;</desc>
						<instances>
							
								<instance>
									<uri>http://host.docker.internal:8080/robots.txt</uri>
									<nodeName>http://host.docker.internal:8080/robots.txt</nodeName>
									<method>GET</method>
									<param>Header User-Agent</param>
									<attack>Mozilla/4.0 (compatible; MSIE 8.0; Windows NT 6.1)</attack>
									<evidence></evidence>
									<otherinfo></otherinfo>
								</instance>
							
							
								<instance>
									<uri>http://host.docker.internal:8080/sitemap.xml</uri>
									<nodeName>http://host.docker.internal:8080/sitemap.xml</nodeName>
									<method>GET</method>
									<param>Header User-Agent</param>
									<attack>Mozilla/4.0 (compatible; MSIE 7.0; Windows NT 6.0)</attack>
									<evidence></evidence>
									<otherinfo></otherinfo>
								</instance>
							
							
								<instance>
									<uri>http://host.docker.internal:8080/sitemap.xml</uri>
									<nodeName>http://host.docker.internal:8080/sitemap.xml</nodeName>
									<method>GET</method>
									<param>Header User-Agent</param>
									<attack>Mozilla/4.0 (compatible; MSIE 8.0; Windows NT 6.1)</attack>
									<evidence></evidence>
									<otherinfo></otherinfo>
								</instance>
							
							
								<instance>
									<uri>http://host.docker.internal:8080/static</uri>
									<nodeName>http://host.docker.internal:8080/static</nodeName>
									<method>GET</method>
									<param>Header User-Agent</param>
									<attack>Mozilla/4.0 (compatible; MSIE 8.0; Windows NT 6.1)</attack>
									<evidence></evidence>
									<otherinfo></otherinfo>
								</instance>
							
							
								<instance>
									<uri>http://host.docker.internal:8080/static/css</uri>
									<nodeName>http://host.docker.internal:8080/static/css</nodeName>
									<method>GET</method>
									<param>Header User-Agent</param>
									<attack>Mozilla/4.0 (compatible; MSIE 8.0; Windows NT 6.1)</attack>
									<evidence></evidence>
									<otherinfo></otherinfo>
								</instance>
							
						</instances>
						<count>5</count>
						<systemic>true</systemic>
						<solution></solution>
						<otherinfo></otherinfo>
						<reference>&lt;p&gt;https://owasp.org/wstg&lt;/p&gt;</reference>
						<cweid>0</cweid>
						<wascid>0</wascid>
						<sourceid>23</sourceid>
					</alertitem>
				
			</alerts>
		</site>
	
	
		<insights>
			
				<insight>
					<level>Low</level>
					<reason>Warning</reason>
					<site></site>
					<key>insight.log.warn</key>
					<description>ZAP warnings logged - see the zap.log file for details</description>
					<statistic>1</statistic>
				</insight>
			
			
				<insight>
					<level>Info</level>
					<reason>Informational</reason>
					<site></site>
					<key>insight.network.failure</key>
					<description>Percentage of network failures</description>
					<statistic>7</statistic>
				</insight>
			
			
				<insight>
					<level>Info</level>
					<reason>Informational</reason>
					<site>http://host.docker.internal:8080</site>
					<key>insight.code.2xx</key>
					<description>Percentage of responses with status code 2xx</description>
					<statistic>7</statistic>
				</insight>
			
			
				<insight>
					<level>Info</level>
					<reason>Informational</reason>
					<site>http://host.docker.internal:8080</site>
					<key>insight.code.4xx</key>
					<description>Percentage of responses with status code 4xx</description>
					<statistic>92</statistic>
				</insight>
			
			
				<insight>
					<level>Info</level>
					<reason>Informational</reason>
					<site>http://host.docker.internal:8080</site>
					<key>insight.endpoint.ctype.application/json</key>
					<description>Percentage of endpoints with content type application/json</description>
					<statistic>71</statistic>
				</insight>
			
			
				<insight>
					<level>Info</level>
					<reason>Informational</reason>
					<site>http://host.docker.internal:8080</site>
					<key>insight.endpoint.ctype.text/css</key>
					<description>Percentage of endpoints with content type text/css</description>
					<statistic>14</statistic>
				</insight>
			
			
				<insight>
					<level>Info</level>
					<reason>Informational</reason>
					<site>http://host.docker.internal:8080</site>
					<key>insight.endpoint.ctype.text/javascript</key>
					<description>Percentage of endpoints with content type text/javascript</description>
					<statistic>14</statistic>
				</insight>
			
			
				<insight>
					<level>Info</level>
					<reason>Informational</reason>
					<site>http://host.docker.internal:8080</site>
					<key>insight.endpoint.method.GET</key>
					<description>Percentage of endpoints with method GET</description>
					<statistic>100</statistic>
				</insight>
			
			
				<insight>
					<level>Info</level>
					<reason>Informational</reason>
					<site>http://host.docker.internal:8080</site>
					<key>insight.endpoint.total</key>
					<description>Count of total endpoints</description>
					<statistic>7</statistic>
				</insight>
			
			
				<insight>
					<level>Info</level>
					<reason>Informational</reason>
					<site>http://host.docker.internal:8080</site>
					<key>insight.response.slow</key>
					<description>Percentage of slow responses</description>
					<statistic>38</statistic>
				</insight>
			
		</insights>
	
</OWASPZAPReport>